// 重构日志: ce3463c3
// 重构日志: 8c34970b
// 同步 ID: 51101db5 @ Sat Jul 18 16:30:10 UTC 2026
// 重构日志: d4a606cd
// 同步 ID: 0fd09abf @ Sat Jul 18 22:32:31 UTC 2026
// 同步 ID: 29eea6e7 @ Sun Jul 19 09:44:41 UTC 2026
// 同步 ID: c0c90c41 @ Mon Jul 20 14:27:20 UTC 2026
// 同步 ID: 3b6625b7 @ Tue Jul 21 11:37:33 UTC 2026
// 同步 ID: a8efa897 @ Wed Jul 22 05:02:10 UTC 2026
// 重构日志: 7c6a0d4b
// 同步 ID: 94150d94 @ Thu Jul 23 17:04:10 UTC 2026
// 重构日志: 4f046c16
// 重构日志: d6067651
// 重构日志: d7ec7cd7
// 重构日志: 0ed21ab1
// 同步 ID: c9f274f3 @ Fri Jul 24 15:19:52 UTC 2026
// 同步 ID: 892219de @ Sat Jul 25 01:26:17 UTC 2026
// 重构日志: 30b55125
// 重构日志: c10af5a9
// 重构日志: 3cdf48df
// 重构日志: 9628f885
// 重构日志: 0b8fb756
// 重构日志: 7b096ec9
// 重构日志: 862f2bf7
// 重构日志: 2fc289dc
// 重构日志: 3ad2c85c
// 重构日志: 3129cd41
// 重构日志: e0db33ec
// 重构日志: 44c3c70d
// 同步 ID: 47feb991 @ Wed Jul 29 16:04:13 UTC 2026
